exports[`OmeRow Component matches snapshot 1`] = `
ShallowWrapper {
  "complexSelector": ComplexSelector {
    "buildPredicate": [Function],
    "childrenOfNode": [Function],
    "findWhereUnwrapped": [Function],
  },
  "length": 1,
  "node": <main
    className="OmeRow">
    <OmeBtn
        note={
            Object {
                "id": "button_0",
                "midiNote": "58",
                "noteOn": false,
              }
        }
        noteId="button_0"
        rowId={undefined} />
</main>,
  "nodes": Array [
    <main
      className="OmeRow">
      <OmeBtn
            note={
                  Object {
                        "id": "button_0",
                        "midiNote": "58",
                        "noteOn": false,
                      }
            }
            noteId="button_0"
            rowId={undefined} />
</main>,
  ],
  "options": Object {},
  "renderer": ReactShallowRenderer {
    "_instance": ShallowComponentWrapper {
      "_calledComponentWillUnmount": false,
      "_compositeType": 2,
      "_context": Object {},
      "_currentElement": <OmeRow
        notes={
                Object {
                        "button_0": Object {
                          "id": "button_0",
                          "midiNote": "58",
                          "noteOn": false,
                        },
                      }
        } />,
      "_debugID": 3,
      "_hostContainerInfo": null,
      "_hostParent": null,
      "_instance": StatelessComponent {
        "_reactInternalInstance": [Circular],
        "context": Object {},
        "props": Object {
          "notes": Object {
            "button_0": Object {
              "id": "button_0",
              "midiNote": "58",
              "noteOn": false,
            },
          },
        },
        "refs": Object {},
        "state": null,
        "updater": Object {
          "enqueueCallback": [Function],
          "enqueueCallbackInternal": [Function],
          "enqueueElementInternal": [Function],
          "enqueueForceUpdate": [Function],
          "enqueueReplaceState": [Function],
          "enqueueSetState": [Function],
          "isMounted": [Function],
          "validateCallback": [Function],
        },
      },
      "_mountOrder": 2,
      "_pendingCallbacks": null,
      "_pendingElement": null,
      "_pendingForceUpdate": false,
      "_pendingReplaceState": false,
      "_pendingStateQueue": null,
      "_renderedComponent": NoopInternalComponent {
        "_currentElement": <main
          className="OmeRow">
          <OmeBtn
                    note={
                              Object {
                                        "id": "button_0",
                                        "midiNote": "58",
                                        "noteOn": false,
                                      }
                    }
                    noteId="button_0"
                    rowId={undefined} />
</main>,
        "_debugID": 4,
        "_renderedOutput": <main
          className="OmeRow">
          <OmeBtn
                    note={
                              Object {
                                        "id": "button_0",
                                        "midiNote": "58",
                                        "noteOn": false,
                                      }
                    }
                    noteId="button_0"
                    rowId={undefined} />
</main>,
      },
      "_renderedNodeType": 0,
      "_rootNodeID": 0,
      "_topLevelWrapper": null,
      "_updateBatchNumber": null,
      "_warnedAboutRefsInRender": false,
    },
    "getRenderOutput": [Function],
    "render": [Function],
  },
  "root": [Circular],
  "unrendered": <OmeRow
    notes={
        Object {
            "button_0": Object {
              "id": "button_0",
              "midiNote": "58",
              "noteOn": false,
            },
          }
    } />,
}
`;
