exports[`test matches snapshot 1`] = `
ShallowWrapper {
  "complexSelector": ComplexSelector {
    "buildPredicate": [Function],
    "childrenOfNode": [Function],
    "findWhereUnwrapped": [Function],
  },
  "length": 1,
  "node": <div
    className="NoMidi">
    <div
        className="NoMidi-text">
        You don\'t have any midi devices! Sadly 
        <em>
            WebOme
        </em>
         cannot function without some cool doo-dad midi devices along-side it.
    </div>
    <img
        alt=""
        className="NoMidi-image-synth"
        src="test-file-stub" />
</div>,
  "nodes": Array [
    <div
      className="NoMidi">
      <div
            className="NoMidi-text">
            You don\'t have any midi devices! Sadly 
            <em>
                  WebOme
            </em>
             cannot function without some cool doo-dad midi devices along-side it.
      </div>
      <img
            alt=""
            className="NoMidi-image-synth"
            src="test-file-stub" />
</div>,
  ],
  "options": Object {},
  "renderer": ReactShallowRenderer {
    "_instance": ShallowComponentWrapper {
      "_calledComponentWillUnmount": false,
      "_compositeType": 2,
      "_context": Object {},
      "_currentElement": <Unknown />,
      "_debugID": 1,
      "_hostContainerInfo": null,
      "_hostParent": null,
      "_instance": StatelessComponent {
        "_reactInternalInstance": [Circular],
        "context": Object {},
        "props": Object {},
        "refs": Object {},
        "state": null,
        "updater": Object {
          "enqueueCallback": [Function],
          "enqueueCallbackInternal": [Function],
          "enqueueElementInternal": [Function],
          "enqueueForceUpdate": [Function],
          "enqueueReplaceState": [Function],
          "enqueueSetState": [Function],
          "isMounted": [Function],
          "validateCallback": [Function],
        },
      },
      "_mountOrder": 1,
      "_pendingCallbacks": null,
      "_pendingElement": null,
      "_pendingForceUpdate": false,
      "_pendingReplaceState": false,
      "_pendingStateQueue": null,
      "_renderedComponent": NoopInternalComponent {
        "_currentElement": <div
          className="NoMidi">
          <div
                    className="NoMidi-text">
                    You don\'t have any midi devices! Sadly 
                    <em>
                              WebOme
                    </em>
                     cannot function without some cool doo-dad midi devices along-side it.
          </div>
          <img
                    alt=""
                    className="NoMidi-image-synth"
                    src="test-file-stub" />
</div>,
        "_debugID": 2,
        "_renderedOutput": <div
          className="NoMidi">
          <div
                    className="NoMidi-text">
                    You don\'t have any midi devices! Sadly 
                    <em>
                              WebOme
                    </em>
                     cannot function without some cool doo-dad midi devices along-side it.
          </div>
          <img
                    alt=""
                    className="NoMidi-image-synth"
                    src="test-file-stub" />
</div>,
      },
      "_renderedNodeType": 0,
      "_rootNodeID": 0,
      "_topLevelWrapper": null,
      "_updateBatchNumber": null,
      "_warnedAboutRefsInRender": false,
    },
    "getRenderOutput": [Function],
    "render": [Function],
  },
  "root": [Circular],
  "unrendered": <Unknown />,
}
`;
